
 RUN  v4.0.18 C:/Users/Hanz Mapua/Workspace/HabitForge

stdout | src/components/dashboard/HabitList.test.tsx > HabitList > fetches history when year changes
FetchHistory calls: [ [ [32m'2026-01-01'[39m, [32m'2026-12-31'[39m ] ]
Expected: 2026-01-01 2026-12-31

 Γ¥» src/components/dashboard/HabitList.test.tsx (11 tests | 1 failed) 1420ms
     Γ£ô renders empty state when no habits exist 147ms
     Γ£ô calls fetchHabits and fetchHistory on mount 6ms
     ├ù fetches history when year changes 1015ms
     Γ£ô renders the heatmap when habits exist 19ms
     Γ£ô renders list of habits with correct names 14ms
     Γ£ô displays habit frequency badge 17ms
     Γ£ô displays habit icons 9ms
     Γ£ô has edit links for each habit 38ms
     Γ£ô has delete buttons for each habit 30ms
     Γ£ô calls deleteHabit when delete is confirmed 82ms
     Γ£ô does NOT call deleteHabit when delete is cancelled 41ms

 Test Files  1 failed (1)
      Tests  1 failed | 10 passed (11)
   Start at  10:23:31
   Duration  3.04s (transform 147ms, setup 121ms, import 385ms, tests 1.42s, environment 919ms)

